1. Уменьшить том под / до 8G (правда он у меня и был 8:))
СОЗДАЕМ ФИЗИЧЕСКИЙ, ВИРТУАЛЬНЫЙ, ЛОГИЧЕСКИЙ(+ ФС) ВОЛУМЫ 
root@warmachine:/home/alex# pvcreate /dev/sdb
  Physical volume "/dev/sdb" successfully created.
root@warmachine:/home/alex# vgcreate vg_root /dev/sdb
  Volume group "vg_root" successfully created
root@warmachine:/home/alex# lvcreate -n lv_root -l +100%FREE /dev/vg_root
  Logical volume "lv_root" created.
root@warmachine:/home/alex# mkfs.ext4 /dev/vg_root/lv_root
mke2fs 1.47.0 (5-Feb-2023)
Creating filesystem with 2620416 4k blocks and 655360 inodes
Filesystem UUID: dbf5d643-0161-470d-b5c2-262c627cbca3
Superblock backups stored on blocks:
        32768, 98304, 163840, 229376, 294912, 819200, 884736, 1605632

Allocating group tables: done
Writing inode tables: done
Creating journal (16384 blocks): done
Writing superblocks and filesystem accounting information: done

root@warmachine:/home/alex# mkfs.ext4 /dev/vg_root/lv_root
mke2fs 1.47.0 (5-Feb-2023)
/dev/vg_root/lv_root contains a ext4 file system
        created on Fri Jul 11 19:30:10 2025
Proceed anyway? (y,N) y
Creating filesystem with 2620416 4k blocks and 655360 inodes
Filesystem UUID: 25906dbb-585f-4e1b-a9a5-0b8fd857a162
Superblock backups stored on blocks:
        32768, 98304, 163840, 229376, 294912, 819200, 884736, 1605632

Allocating group tables: done
Writing inode tables: done
Creating journal (16384 blocks): done
Writing superblocks and filesystem accounting information: done
1.1 Копируем 
root@warmachine:/home/alex# rsync -avxHAX --progress / /mnt/
sent 2.416.784.068 bytes  received 1.578.295 bytes  18.251.791,42 bytes/sec
total size is 2.414.597.106  speedup is 1,00

root@warmachine:/home/alex# ls /mnt
bin                boot   dev  home  lib64              lost+found  mnt  proc  run   sbin.usr-is-merged  srv  tmp  var
bin.usr-is-merged  cdrom  etc  lib   lib.usr-is-merged  media       opt  root  sbin  snap                sys  usr
root@warmachine:/home/alex# for i in /proc/ /sys/ /dev/ /run/ /boot/; \
 do mount --bind $i /mnt/$i; done
root@warmachine:/home/alex# chroot /mnt/
root@warmachine:/# grub-mkconfig -o /boot/grub/grub.cfg
Sourcing file `/etc/default/grub'
Generating grub configuration file ...
Found linux image: /boot/vmlinuz-6.8.0-63-generic
Found initrd image: /boot/initrd.img-6.8.0-63-generic
Warning: os-prober will not be executed to detect other bootable partitions.
Systems on them will not be added to the GRUB boot configuration.
Check GRUB_DISABLE_OS_PROBER documentation entry.
Adding boot menu entry for UEFI Firmware Settings ...
done
root@warmachine:/# update-initramfs -u
update-initramfs: Generating /boot/initrd.img-6.8.0-63-generic

Проверяем изменения 
root@warmachine:/home/alex# lsblk
NAME                      MAJ:MIN RM  SIZE RO TYPE MOUNTPOINTS
sda                         8:0    0    8G  0 disk
├─sda1                      8:1    0    1M  0 part
├─sda2                      8:2    0  1,8G  0 part /boot
└─sda3                      8:3    0  6,2G  0 part
  └─ubuntu--vg-ubuntu--lv 252:1    0  6,2G  0 lvm
sdb                         8:16   0   10G  0 disk
└─vg_root-lv_root         252:0    0   10G  0 lvm  /
sdc                         8:32   0    4G  0 disk
sdd                         8:48   0    4G  0 disk
sde                         8:64   0    4G  0 disk
sr0                        11:0    1 1024M  0 rom

Проделываем на нем те же операции, что и в первый раз( Уменьшил до 6 гигов)

root@warmachine:~# lvcreate -n ubuntu-vg/ubuntu-lv -L 6G /dev/ubuntu-vg
WARNING: ext4 signature detected on /dev/ubuntu-vg/ubuntu-lv at offset 1080. Wipe it? [y/n]: Y
  Wiping ext4 signature on /dev/ubuntu-vg/ubuntu-lv.
  Logical volume "ubuntu-lv" created.
root@warmachine:~# mkfs.ext4 /dev/ubuntu-vg/ubuntu-lv
mke2fs 1.47.0 (5-Feb-2023)
Creating filesystem with 1572864 4k blocks and 393216 inodes
Filesystem UUID: b20dd135-bad6-40ba-831d-6c53f20f6024
Superblock backups stored on blocks:
        32768, 98304, 163840, 229376, 294912, 819200, 884736

Allocating group tables: done
Writing inode tables: done
Creating journal (16384 blocks): done
Writing superblocks and filesystem accounting information: done

root@warmachine:~# mount /dev/ubuntu-vg/ubuntu-lv /mnt
rsync -avxHAX --progress / /mnt/

sent 2.433.909.009 bytes  received 1.611.027 bytes  18.953.463,32 bytes/sec
total size is 2.431.603.361  speedup is 1,00
root@warmachine:~# for i in /proc/ /sys/ /dev/ /run/ /boot/; \
 do mount --bind $i /mnt/$i; done
root@warmachine:~# chroot /mnt/
root@warmachine:/# grub-mkconfig -o /boot/grub/grub.cfg
Sourcing file `/etc/default/grub'
Generating grub configuration file ...
Found linux image: /boot/vmlinuz-6.8.0-63-generic
Found initrd image: /boot/initrd.img-6.8.0-63-generic
Warning: os-prober will not be executed to detect other bootable partitions.
Systems on them will not be added to the GRUB boot configuration.
Check GRUB_DISABLE_OS_PROBER documentation entry.
Adding boot menu entry for UEFI Firmware Settings ...
done

Выделить том под /var в зеркало
root@warmachine:/# mount /dev/vg_var/lv_var /mnt
root@warmachine:/# cp -aR /var/* /mnt/
root@warmachine:/# mkdir /tmp/oldvar && mv /var/* /tmp/oldvar
root@warmachine:/# echo "`blkid | grep var: | awk '{print $2}'` \
 /var ext4 defaults 0 0" >> /etc/fstab
Проверяем успешность монтирования 
root@warmachine:/home/alex# cat /etc/fstab
# /etc/fstab: static file system information.
#
# Use 'blkid' to print the universally unique identifier for a
# device; this may be used with UUID= as a more robust way to name devices
# that works even if disks are added and removed. See fstab(5).
#
# <file system> <mount point>   <type>  <options>       <dump>  <pass>
# / was on /dev/ubuntu-vg/ubuntu-lv during curtin installation
/dev/disk/by-id/dm-uuid-LVM-ZraldwReA3lw1wFuZVrvMir8PKwHIzoFPwcXdvPC6UEHjwC6moTPS9xbwapKdx8f / ext4 defaults 0 1
# /boot was on /dev/sda2 during curtin installation
/dev/disk/by-uuid/bcf5bb3f-bd6e-4380-9fb0-2df579b866c2 /boot ext4 defaults 0 1
UUID="9ec023e4-4728-4c94-a0f1-cb84c505d1a5"  /var ext4 defaults 0 0

Выделить том под /home

root@warmachine:/home/alex# lvcreate -n LogVol_Home -L 2G /dev/ubuntu-vg
  Logical volume "LogVol_Home" created.
root@warmachine:/home/alex# mkfs.ext4 /dev/ubuntu-vg/LogVol_Home
mke2fs 1.47.0 (5-Feb-2023)
Creating filesystem with 524288 4k blocks and 131072 inodes
Filesystem UUID: 7fdf5318-94de-4f2d-bac7-c22b85a6ff2a
Superblock backups stored on blocks:
        32768, 98304, 163840, 229376, 294912

Allocating group tables: done
Writing inode tables: done
Creating journal (16384 blocks): done
Writing superblocks and filesystem accounting information: done

root@warmachine:/home/alex# mount /dev/ubuntu-vg/LogVol_Home /mnt/
root@warmachine:/home/alex# rm -rf /home/*
root@warmachine:/home/alex# umount /mnt
root@warmachine:/home/alex# mount /dev/ubuntu-vg/LogVol_Home /home/
root@warmachine:/home/alex# echo "`blkid | grep Home | awk '{print $2}'` \
 /home xfs defaults 0 0" >> /etc/fstab
root@warmachine:/home/alex# cat /etc/fstab
# /etc/fstab: static file system information.
#
# Use 'blkid' to print the universally unique identifier for a
# device; this may be used with UUID= as a more robust way to name devices
# that works even if disks are added and removed. See fstab(5).
#
# <file system> <mount point>   <type>  <options>       <dump>  <pass>
# / was on /dev/ubuntu-vg/ubuntu-lv during curtin installation
/dev/disk/by-id/dm-uuid-LVM-ZraldwReA3lw1wFuZVrvMir8PKwHIzoFPwcXdvPC6UEHjwC6moTPS9xbwapKdx8f / ext4 defaults 0 1
# /boot was on /dev/sda2 during curtin installation
/dev/disk/by-uuid/bcf5bb3f-bd6e-4380-9fb0-2df579b866c2 /boot ext4 defaults 0 1
UUID="9ec023e4-4728-4c94-a0f1-cb84c505d1a5"  /var ext4 defaults 0 0
UUID="7fdf5318-94de-4f2d-bac7-c22b85a6ff2a"  /home xfs defaults 0 0

Работа со снапшотами
root@warmachine:/home/alex# touch /home/file{1..20}
root@warmachine:/home/alex#  lvcreate -L 100MB -s -n home_snap \
 /dev/ubuntu-vg/LogVol_Home
  Logical volume "home_snap" created.
root@warmachine:/home/alex# rm -f /home/file{11..20}
root@warmachine:/home/alex# umount /home
root@warmachine:/home/alex# lvconvert --merge /dev/ubuntu-vg/home_snap
  Merging of volume ubuntu-vg/home_snap started.
  ubuntu-vg/LogVol_Home: Merged: 100,00%
root@warmachine:/home/alex# mount /dev/mapper/ubuntu--vg-LogVol_Home /home
mount: (hint) your fstab has been modified, but systemd still uses
       the old version; use 'systemctl daemon-reload' to reload.
root@warmachine:/home/alex# systemctl daemon-reload
root@warmachine:/home/alex# ls -al /home
total 24
drwxr-xr-x  3 root root  4096 июл 11 20:08 .
drwxr-xr-x 23 root root  4096 июл 11 19:14 ..
-rw-r--r--  1 root root     0 июл 11 20:08 file1
-rw-r--r--  1 root root     0 июл 11 20:08 file10
-rw-r--r--  1 root root     0 июл 11 20:08 file11
-rw-r--r--  1 root root     0 июл 11 20:08 file12
-rw-r--r--  1 root root     0 июл 11 20:08 file13
-rw-r--r--  1 root root     0 июл 11 20:08 file14
-rw-r--r--  1 root root     0 июл 11 20:08 file15
-rw-r--r--  1 root root     0 июл 11 20:08 file16
-rw-r--r--  1 root root     0 июл 11 20:08 file17
-rw-r--r--  1 root root     0 июл 11 20:08 file18
-rw-r--r--  1 root root     0 июл 11 20:08 file19
-rw-r--r--  1 root root     0 июл 11 20:08 file2
-rw-r--r--  1 root root     0 июл 11 20:08 file20
-rw-r--r--  1 root root     0 июл 11 20:08 file3
-rw-r--r--  1 root root     0 июл 11 20:08 file4
-rw-r--r--  1 root root     0 июл 11 20:08 file5
-rw-r--r--  1 root root     0 июл 11 20:08 file6
-rw-r--r--  1 root root     0 июл 11 20:08 file7
-rw-r--r--  1 root root     0 июл 11 20:08 file8
-rw-r--r--  1 root root     0 июл 11 20:08 file9


