1.Смотрим список всех дисков, которые есть в виртуальной машине: lsblk
root@warmachine:/home/alex# lsblk
NAME                      MAJ:MIN RM  SIZE RO TYPE MOUNTPOINTS
sda                         8:0    0   10G  0 disk
├─sda1                      8:1    0    1M  0 part
├─sda2                      8:2    0  1,8G  0 part /boot
└─sda3                      8:3    0  8,2G  0 part
  └─ubuntu--vg-ubuntu--lv 252:0    0  8,2G  0 lvm  /
sdb                         8:16   0  512M  0 disk
sdc                         8:32   0  512M  0 disk
sdd                         8:48   0  512M  0 disk
sde                         8:64   0  512M  0 disk
sdf                         8:80   0  512M  0 disk
sdg                         8:96   0  512M  0 disk
sdh                         8:112  0  512M  0 disk
sdi                         8:128  0  512M  0 disk
1.1 Установим пакет утилит для ZFS:
root@warmachine:/home/alex# sudo apt install zfsutils-linux
Создаём пул из двух дисков в режиме RAID 1:
root@warmachine:/home/alex# zpool create otus1 mirror /dev/sdb /dev/sdc
Создадим ещё 3 пула: 
root@warmachine:/home/alex# zpool create otus2 mirror /dev/sdd /dev/sde
root@warmachine:/home/alex# zpool create otus3 mirror /dev/sdf /dev/sdg
root@warmachine:/home/alex# zpool create otus4 mirror /dev/sdh /dev/sdi
Смотрим информацию о пулах: zpool list:
root@warmachine:/home/alex# zpool list
NAME    SIZE  ALLOC   FREE  CKPOINT  EXPANDSZ   FRAG    CAP  DEDUP    HEALTH  ALTROOT
otus1   480M   111K   480M        -         -     0%     0%  1.00x    ONLINE  -
otus2   480M   111K   480M        -         -     0%     0%  1.00x    ONLINE  -
otus3   480M   129K   480M        -         -     0%     0%  1.00x    ONLINE  -
otus4   480M   134K   480M        -         -     0%     0%  1.00x    ONLINE  -

1.2 
Добавим разные алгоритмы сжатия в каждую файловую систему:
root@warmachine:/home/alex# zfs set compression=lzjb otus1
root@warmachine:/home/alex# zfs set compression=lz4 otus2
root@warmachine:/home/alex# zfs set compression=gzip-9 otus3
root@warmachine:/home/alex# zfs set compression=zle otus4
Проверим, что все файловые системы имеют разные методы сжатия:
root@warmachine:/home/alex# zfs get all | grep compression
otus1  compression           lzjb                       local
otus2  compression           lz4                        local
otus3  compression           gzip-9                     local
otus4  compression           zle                        local

1.3 
Скачаем один и тот же текстовый файл во все пулы:
root@warmachine:/home/alex# for i in {1..4}; do wget -P /otus$i https://gutenberg.org/cache/epub/2600/pg2600.converter.log; done
Проверим, что файл был скачан во все пулы:
root@warmachine:/home/alex# ls -l /otus*
/otus1:
total 22107
-rw-r--r-- 1 root root 41158891 июл  2 07:31 pg2600.converter.log

/otus2:
total 18011
-rw-r--r-- 1 root root 41158891 июл  2 07:31 pg2600.converter.log

/otus3:
total 10968
-rw-r--r-- 1 root root 41158891 июл  2 07:31 pg2600.converter.log

/otus4:
total 40222
-rw-r--r-- 1 root root 41158891 июл  2 07:31 pg2600.converter.log
1.4 Уже на этом этапе видно, что самый оптимальный метод сжатия у нас используется в пуле otus3.
Проверим, сколько места занимает один и тот же файл в разных пулах и проверим степень сжатия файлов:
root@warmachine:/home/alex# zfs list
NAME    USED  AVAIL  REFER  MOUNTPOINT
otus1  21.7M   330M  21.6M  /otus1
otus2  17.7M   334M  17.6M  /otus2
otus3  10.9M   341M  10.7M  /otus3
otus4  39.4M   313M  39.3M  /otus4

root@warmachine:/home/alex# zfs get all | grep compressratio | grep -v ref
otus1  compressratio         1.82x                      -
otus2  compressratio         2.23x                      -
otus3  compressratio         3.66x                      -
otus4  compressratio         1.00x                      -
Видим, что алгоритм gzip-9 самый эффективный по сжатию

2. Определение настроек пула
Скачиваем архив в домашний каталог:
root@warmachine:/home/alex# wget -O archive.tar.gz --no-check-certificate 'https://drive.usercontent.google.com/download?id=1MvrcEp-WgAQe57aDEzxSRalPAwbNN1Bb&export=download'
Разархивируем его:
root@warmachine:/home/alex# tar -xzvf archive.tar.gz
zpoolexport/
zpoolexport/filea
zpoolexport/fileb
Проверим, возможно ли импортировать данный каталог в пул (тут не поменял о каком каталоге речь, но потом как понял! Когда тыкнул в ls и понял что речь о каталоге из архива):
root@warmachine:/home/alex# zpool import -d zpoolexport/
   pool: otus
     id: 6554193320433390805
  state: ONLINE
status: Some supported features are not enabled on the pool.
        (Note that they may be intentionally disabled if the
        'compatibility' property is set.)
 action: The pool can be imported using its name or numeric identifier, though
        some features will not be available without an explicit 'zpool upgrade'.
 config:

        otus                              ONLINE
          mirror-0                        ONLINE
            /home/alex/zpoolexport/filea  ONLINE
            /home/alex/zpoolexport/fileb  ONLINE




3. Сделаем импорт данного пула к нам в ОС
root@warmachine:/home/alex# zpool import -d zpoolexport/ otus
root@warmachine:/home/alex# zpool status
  pool: otus
 state: ONLINE
status: Some supported and requested features are not enabled on the pool.
        The pool can still be used, but some features are unavailable.
action: Enable all features using 'zpool upgrade'. Once this is done,
        the pool may no longer be accessible by software that does not support
        the features. See zpool-features(7) for details.
config:

        NAME                              STATE     READ WRITE CKSUM
        otus                              ONLINE       0     0     0
          mirror-0                        ONLINE       0     0     0
            /home/alex/zpoolexport/filea  ONLINE       0     0     0
            /home/alex/zpoolexport/fileb  ONLINE       0     0     0

errors: No known data errors
Далее нам нужно определить настройки: zpool get all otus
Запрос сразу всех параметром файловой системы: zfs get all otus
root@warmachine:/home/alex# zfs get all otus
NAME  PROPERTY              VALUE                      SOURCE
otus  type                  filesystem                 -
otus  creation              Пт мая 15  4:00 2020  -
otus  used                  2.04M                      -
otus  available             350M                       -
otus  referenced            24K                        -
otus  compressratio         1.00x                      -
otus  mounted               yes                        -
otus  quota                 none                       default
otus  reservation           none                       default
otus  recordsize            128K                       local
otus  mountpoint            /otus                      default
otus  sharenfs              off                        default
otus  checksum              sha256                     local
otus  compression           zle                        local
otus  atime                 on                         default
otus  devices               on                         default
otus  exec                  on                         default
otus  setuid                on                         default
otus  readonly              off                        default
otus  zoned                 off                        default
otus  snapdir               hidden                     default
otus  aclmode               discard                    default
otus  aclinherit            restricted                 default
otus  createtxg             1                          -
otus  canmount              on                         default
otus  xattr                 on                         default
otus  copies                1                          default
otus  version               5                          -
otus  utf8only              off                        -
otus  normalization         none                       -
otus  casesensitivity       sensitive                  -
otus  vscan                 off                        default
otus  nbmand                off                        default
otus  sharesmb              off                        default
otus  refquota              none                       default
otus  refreservation        none                       default
otus  guid                  14592242904030363272       -
otus  primarycache          all                        default
otus  secondarycache        all                        default
otus  usedbysnapshots       0B                         -
otus  usedbydataset         24K                        -
otus  usedbychildren        2.01M                      -
otus  usedbyrefreservation  0B                         -
otus  logbias               latency                    default
otus  objsetid              54                         -
otus  dedup                 off                        default
otus  mlslabel              none                       default
otus  sync                  standard                   default
otus  dnodesize             legacy                     default
otus  refcompressratio      1.00x                      -
otus  written               24K                        -
otus  logicalused           1020K                      -
otus  logicalreferenced     12K                        -
otus  volmode               default                    default
otus  filesystem_limit      none                       default
otus  snapshot_limit        none                       default
otus  filesystem_count      none                       default
otus  snapshot_count        none                       default
otus  snapdev               hidden                     default
otus  acltype               off                        default
otus  context               none                       default
otus  fscontext             none                       default
otus  defcontext            none                       default
otus  rootcontext           none                       default
otus  relatime              on                         default
otus  redundant_metadata    all                        default
otus  overlay               on                         default
otus  encryption            off                        default
otus  keylocation           none                       default
otus  keyformat             none                       default
otus  pbkdf2iters           0                          default
otus  special_small_blocks  0                          default

C помощью команды get можно уточнить конкретный параметр, например
Размер: zfs get available otus
root@warmachine:/home/alex# zfs get available otus
NAME  PROPERTY   VALUE  SOURCE
otus  available  350M   -
Тип: zfs get readonly otus
root@warmachine:/home/alex# zfs get readonly otus
NAME  PROPERTY  VALUE   SOURCE
otus  readonly  off     default
По типу FS мы можем понять, что позволяет выполнять чтение и запись
Значение recordsize: zfs get recordsize otus
root@warmachine:/home/alex# zfs get recordsize otus
NAME  PROPERTY    VALUE    SOURCE
otus  recordsize  128K     local
Тип сжатия (или параметр отключения): zfs get compression otus
Тип контрольной суммы: zfs get checksum otus
root@warmachine:/home/alex# zfs get checksum otus
NAME  PROPERTY  VALUE      SOURCE
otus  checksum  sha256     local
3.Работа со снапшотом, поиск сообщения от преподавателя
Скачаем файл, указанный в задании:
root@warmachine:/home/alex# wget -O otus_task2.file --no-check-certificate https://drive.usercontent.google.com/download?id=1wgxjih8YZ-cqLqaZVa0lA3h3Y029c3oI&export=download
Восстановим файловую систему из снапшота:
zfs receive otus/test@today < otus_task2.file
root@warmachine:/otus/test/task1/file_mess# find /otus/test -name "secret_message"
/otus/test/task1/file_mess/secret_message
root@warmachine:/otus/test/task1/file_mess# cat /otus/test/task1/file_mess/secret_message
https://otus.ru/lessons/linux-hl/



